#-----------------------------------------------------------
# Vivado v2025.1 (64-bit)
# SW Build 6140274 on Thu May 22 00:12:29 MDT 2025
# IP Build 6138677 on Thu May 22 03:10:11 MDT 2025
# SharedData Build 6139179 on Tue May 20 17:58:58 MDT 2025
# Start of session at: Fri Sep 11 12:45:06 2026
# Process ID         : 39752
# Current directory  : C:/ENEL453/Lab1B/Lab_1b/Lab_1b.runs/impl_1
# Command line       : vivado.exe -log lab_1b_top_level.vdi -applog -product Vivado -messageDb vivado.pb -mode batch -source lab_1b_top_level.tcl -notrace
# Log file           : C:/ENEL453/Lab1B/Lab_1b/Lab_1b.runs/impl_1/lab_1b_top_level.vdi
# Journal file       : C:/ENEL453/Lab1B/Lab_1b/Lab_1b.runs/impl_1\vivado.jou
# Running On         : akaangelchan
# Platform           : Windows Server 2016 or Windows 10
# Operating System   : 26200
# Processor Detail   : Intel(R) Core(TM) 7 150U
# CPU Frequency      : 2611 MHz
# CPU Physical cores : 10
# CPU Logical cores  : 12
# Host memory        : 16849 MB
# Swap memory        : 36507 MB
# Total Virtual      : 53356 MB
# Available Virtual  : 23166 MB
#-----------------------------------------------------------
source lab_1b_top_level.tcl -notrace
