#-----------------------------------------------------------
# Vivado v2025.1 (64-bit)
# SW Build 6140274 on Thu May 22 00:12:29 MDT 2025
# IP Build 6138677 on Thu May 22 03:10:11 MDT 2025
# SharedData Build 6139179 on Tue May 20 17:58:58 MDT 2025
# Start of session at: Thu Sep 17 17:21:49 2026
# Process ID         : 6240
# Current directory  : C:/Users/activ/OneDrive/Document/GitHub/ENEL453/Lab1B/Lab_1b
# Command line       : vivado.exe -gui_launcher_event rodinguilauncherevent30112 C:\Users\activ\OneDrive\Document\GitHub\ENEL453\Lab1B\Lab_1b\Lab_1b.xpr
# Log file           : C:/Users/activ/OneDrive/Document/GitHub/ENEL453/Lab1B/Lab_1b/vivado.log
# Journal file       : C:/Users/activ/OneDrive/Document/GitHub/ENEL453/Lab1B/Lab_1b\vivado.jou
# Running On         : akaangelchan
# Platform           : Windows Server 2016 or Windows 10
# Operating System   : 26200
# Processor Detail   : Intel(R) Core(TM) 7 150U
# CPU Frequency      : 2611 MHz
# CPU Physical cores : 10
# CPU Logical cores  : 12
# Host memory        : 16849 MB
# Swap memory        : 34359 MB
# Total Virtual      : 51208 MB
# Available Virtual  : 29268 MB
#-----------------------------------------------------------
start_gui
open_project C:/Users/activ/OneDrive/Document/GitHub/ENEL453/Lab1B/Lab_1b/Lab_1b.xpr
update_compile_order -fileset sources_1
reset_run impl_1 -prev_step 
launch_runs impl_1 -to_step write_bitstream -jobs 6
wait_on_run impl_1
update_compile_order -fileset sources_1
