#-----------------------------------------------------------
# Vivado v2025.1 (64-bit)
# SW Build 6140274 on Thu May 22 00:12:29 MDT 2025
# IP Build 6138677 on Thu May 22 03:10:11 MDT 2025
# SharedData Build 6139179 on Tue May 20 17:58:58 MDT 2025
# Start of session at: Thu Sep 17 17:21:49 2026
# Process ID         : 6240
# Current directory  : C:/Users/activ/OneDrive/Document/GitHub/ENEL453/Lab1B/Lab_1b
# Command line       : vivado.exe -gui_launcher_event rodinguilauncherevent30112 C:\Users\activ\OneDrive\Document\GitHub\ENEL453\Lab1B\Lab_1b\Lab_1b.xpr
# Log file           : C:/Users/activ/OneDrive/Document/GitHub/ENEL453/Lab1B/Lab_1b/vivado.log
# Journal file       : C:/Users/activ/OneDrive/Document/GitHub/ENEL453/Lab1B/Lab_1b\vivado.jou
# Running On         : akaangelchan
# Platform           : Windows Server 2016 or Windows 10
# Operating System   : 26200
# Processor Detail   : Intel(R) Core(TM) 7 150U
# CPU Frequency      : 2611 MHz
# CPU Physical cores : 10
# CPU Logical cores  : 12
# Host memory        : 16849 MB
# Swap memory        : 34359 MB
# Total Virtual      : 51208 MB
# Available Virtual  : 29268 MB
#-----------------------------------------------------------
start_gui
open_project C:/Users/activ/OneDrive/Document/GitHub/ENEL453/Lab1B/Lab_1b/Lab_1b.xpr
update_compile_order -fileset sources_1
reset_run impl_1 -prev_step 
launch_runs impl_1 -to_step write_bitstream -jobs 6
wait_on_run impl_1
update_compile_order -fileset sources_1
launch_simulation
launch_simulation
source lab_1b_top_level_tb.tcl
set_property needs_refresh false [get_runs synth_1]
set_property needs_refresh false [get_runs impl_1]
close_sim
launch_simulation
source lab_1b_top_level_tb.tcl
close_sim
launch_simulation
source lab_1b_top_level_tb.tcl
close_sim
launch_simulation
launch_simulation
source lab_1b_top_level_tb.tcl
synth_design -top lab_1b_top_level -part xc7a35tcpg236-1 -lint 
close_sim
launch_simulation
source lab_1b_top_level_tb.tcl
close_sim
launch_simulation
launch_simulation
launch_simulation
synth_design -top lab_1b_top_level -part xc7a35tcpg236-1 -lint 
launch_simulation
source lab_1b_top_level_tb.tcl
add_bp {C:/Users/activ/OneDrive/Document/GitHub/ENEL453/Lab1B/lab_1b_top_level_tb.sv} 47
remove_bps -file {C:/Users/activ/OneDrive/Document/GitHub/ENEL453/Lab1B/lab_1b_top_level_tb.sv} -line 47
close_sim
launch_simulation
source lab_1b_top_level_tb.tcl
close_sim
launch_simulation
source lab_1b_top_level_tb.tcl
close_sim
launch_simulation
source lab_1b_top_level_tb.tcl
close_sim
launch_simulation
source lab_1b_top_level_tb.tcl
reset_run synth_1
launch_runs impl_1 -to_step write_bitstream -jobs 6
wait_on_run impl_1
reset_run synth_1
close_sim
launch_simulation
source lab_1b_top_level_tb.tcl
close_sim
launch_simulation
source lab_1b_top_level_tb.tcl
close_sim
launch_simulation
source lab_1b_top_level_tb.tcl
launch_runs synth_1 -jobs 6
wait_on_run synth_1
launch_runs impl_1 -jobs 6
wait_on_run impl_1
close_sim
launch_simulation
launch_simulation
open_run impl_1
launch_simulation
source lab_1b_top_level_tb.tcl
close_sim
launch_simulation
launch_simulation
source lab_1b_top_level_tb.tcl
close_sim
launch_simulation
source lab_1b_top_level_tb.tcl
close_sim
launch_simulation
source lab_1b_top_level_tb.tcl
close_sim
launch_simulation
source lab_1b_top_level_tb.tcl
close_sim
launch_simulation
launch_simulation
launch_simulation
source lab_1b_top_level_tb.tcl
close_sim
launch_simulation
source lab_1b_top_level_tb.tcl
close_sim
launch_simulation
source lab_1b_top_level_tb.tcl
run 10 ms
run 10 ns
run all
run 10 ns
run 10 ns
run 1000 ns
run 10000 ns
run 2 ms
run 2 ms
run 2 s
run 200 ms
run 10 ns
run 10 ns
relaunch_sim
